git bisect start
# bad: [56797aa916d4b758ea7adece98132170950ff7b4] Merge pull request #167255 from mweinelt/firefox
git bisect bad 56797aa916d4b758ea7adece98132170950ff7b4
# good: [d14fe018fcf9502dfa20fde84d45d8845e1441f4] libsecret: clean up
git bisect good d14fe018fcf9502dfa20fde84d45d8845e1441f4
# good: [71ded63759e07fcbf3a9545a5c20941d856df747] Merge pull request #162765 from Leixb/yuview
git bisect good 71ded63759e07fcbf3a9545a5c20941d856df747
# good: [10f0e95b0eeb68e57f754ebe7841a3d2369e7e1b] Merge pull request #165949 from SuperSandro2000/libgpod
git bisect good 10f0e95b0eeb68e57f754ebe7841a3d2369e7e1b
# good: [924d6ff34dfd6628989df44e5160b7784dbb07e6] Merge pull request #167062 from squalus/mosh-cross
git bisect good 924d6ff34dfd6628989df44e5160b7784dbb07e6
# skip: [dcfccc56221499354f3f304bcb9112285904b576] python3Packages.django_2: drop
git bisect skip dcfccc56221499354f3f304bcb9112285904b576
# skip: [6b0f91baf92c5964f28e8fd5784a8be6aef3fde7] python3Packages.numpydoc: 1.1.0 -> 1.2
git bisect skip 6b0f91baf92c5964f28e8fd5784a8be6aef3fde7
# bad: [17c2a8327f1b3d39e53454b9222b613e2fd18014] Merge pull request #167371 from r-ryantm/auto-update/plantuml
git bisect bad 17c2a8327f1b3d39e53454b9222b613e2fd18014
# skip: [ba1ca789eb55f04c9d3e89889eb3b98592d86fb6] awscli2: 2.4.19 -> 2.4.23
git bisect skip ba1ca789eb55f04c9d3e89889eb3b98592d86fb6
# skip: [36ac329f39d30c33972062a1ccbe6b14ef612a33] python3Packages.django-appconf: rename from django_appconf, clean up
git bisect skip 36ac329f39d30c33972062a1ccbe6b14ef612a33
# skip: [6319376cb644a9741fa9e9383b2f30cd0e5e1df8] python39Packages.pathlib2: update homepage, add SuperSandro2000 as maintainer
git bisect skip 6319376cb644a9741fa9e9383b2f30cd0e5e1df8
# skip: [f4328208135ae44533b3f69a5dce571c7e850447] python3Packages.tomli: 1.2.2 -> 2.0.1
git bisect skip f4328208135ae44533b3f69a5dce571c7e850447
# skip: [d246548329138746e1d2f193ae0bf8192026da4e] Merge branch 'master' into staging-next
git bisect skip d246548329138746e1d2f193ae0bf8192026da4e
# skip: [e2bfa582fffbdaaa540ef84788c6c06a556689a6] awscli: 1.22.35 -> 1.22.67
git bisect skip e2bfa582fffbdaaa540ef84788c6c06a556689a6
# skip: [4a95953e6d38565a12a742365e616912cf90c110] python3Packages.EasyProcess: 0.3 -> 1.1
git bisect skip 4a95953e6d38565a12a742365e616912cf90c110
# skip: [b7da6c7da765bb07fbcd3366d29d89c56cf25e97] stdenv, dep-licenses.sh: do not skip handling of other exit traps
git bisect skip b7da6c7da765bb07fbcd3366d29d89c56cf25e97
# skip: [c59e2d3789c0a6f5ae04705c7f6e941a6a66ed7e] python3Packages.gym: 0.21.0 -> 0.22.0
git bisect skip c59e2d3789c0a6f5ae04705c7f6e941a6a66ed7e
# good: [25de2935efce46fe51ac0e169fe13709166c788f] lib/modules: Document _module.args
git bisect good 25de2935efce46fe51ac0e169fe13709166c788f
# skip: [13e7bbe1076e2b7648ec3cb3fd1669ae31ec406b] python3Packages.boto3: 1.21.11 -> 1.21.12
git bisect skip 13e7bbe1076e2b7648ec3cb3fd1669ae31ec406b
# good: [47240ce17480e1aa67ccedb39c9ed3fca419759c] kvdo: init at 8.1.1.287
git bisect good 47240ce17480e1aa67ccedb39c9ed3fca419759c
# skip: [ddcd1d41c81d7d2d1ea9647c21b915c9eb03c3a0] python3Packages.botocore: 1.24.11 -> 1.24.12
git bisect skip ddcd1d41c81d7d2d1ea9647c21b915c9eb03c3a0
# bad: [4ffcea15445e451d0584638d5842f7ce5ff22d7b] Merge pull request #164759 from sikmir/lagrange
git bisect bad 4ffcea15445e451d0584638d5842f7ce5ff22d7b
# skip: [38e22a7f2f02db13fda9fa927e9480761e428244] python3Packages.lz4: fix build and tests
git bisect skip 38e22a7f2f02db13fda9fa927e9480761e428244
# bad: [62b33818764e7d98d36f5890ffbe62569a2c4e33] Merge pull request #167382 from r-ryantm/auto-update/python3.10-dunamai
git bisect bad 62b33818764e7d98d36f5890ffbe62569a2c4e33
# skip: [89fc3ff8d9ef9dd65bb37d97ac2f6d103454ecc4] python3Packages.zope.exceptions: 4.4 -> 4.5
git bisect skip 89fc3ff8d9ef9dd65bb37d97ac2f6d103454ecc4
# skip: [b323e99ecf8b6d4f501cc2cd2767a5152e6dc4b9] python3Packages.pyperf: 2.3.0 -> 2.3.1
git bisect skip b323e99ecf8b6d4f501cc2cd2767a5152e6dc4b9
# skip: [6320b7240f75d11b5a96bc03372a839c53427433] cataclysm-dda: fix build w/glibc-2.34
git bisect skip 6320b7240f75d11b5a96bc03372a839c53427433
# skip: [f1ca8acad6ab31ba697ebceb04323050a7abc9c9] python3Packages.pytest-testmon: 1.2.2 -> 1.3.0
git bisect skip f1ca8acad6ab31ba697ebceb04323050a7abc9c9
# skip: [7cbe21b24de4f1a11c0fd1b3be9d78b22679422b] Merge #160267: mesa.drivers: Convert hard links to symlinks
git bisect skip 7cbe21b24de4f1a11c0fd1b3be9d78b22679422b
# skip: [549773d1359e0be3edcd5e7bec936bc3ddc9706a] python3Packages.pygit2: use libgit2 1.4.x
git bisect skip 549773d1359e0be3edcd5e7bec936bc3ddc9706a
# skip: [2b940354f1e93729e5c8c9230b4458c533308c20] Merge pull request #160841 from r-ryantm/auto-update/libnetfilter_conntrack
git bisect skip 2b940354f1e93729e5c8c9230b4458c533308c20
# skip: [5bf915475ec616eb7dbe6dcab195cf8fe8622d40] python3Packages.aionotify: patch away loop kwarg in wait_for call
git bisect skip 5bf915475ec616eb7dbe6dcab195cf8fe8622d40
# bad: [d00621a67c271e6adb37bf32b5d8b4ce2010325f] Merge staging-next into staging
git bisect bad d00621a67c271e6adb37bf32b5d8b4ce2010325f
# skip: [4427e547ca418bac7cc2a6b4c5d144a4a2fac126] jetbrains.jdk: fix build w/glibc-2.34
git bisect skip 4427e547ca418bac7cc2a6b4c5d144a4a2fac126
# skip: [7bc32b3e5cc623a7b4b0fad900db26258592b9e6] glibc: symlink `libpthread.so -> libpthread.so.0` (same for `-lrt`) for backwards compatibility
git bisect skip 7bc32b3e5cc623a7b4b0fad900db26258592b9e6
# skip: [1046c86c9986ca7239b00a6ef1396aae0961ba90] libosmscout: fix build w/glibc-2.34
git bisect skip 1046c86c9986ca7239b00a6ef1396aae0961ba90
# skip: [9fe34ccfbe8e80f6c0c5b2df3625e0e44d2ed070] glibc: also create backwards-compat symlinks for libdl and libutil
git bisect skip 9fe34ccfbe8e80f6c0c5b2df3625e0e44d2ed070
# skip: [7605d492a772670ebe621a9d0a8f7e34dcf79300] qt512.qtwebengine: fix build w/glibc-2.34
git bisect skip 7605d492a772670ebe621a9d0a8f7e34dcf79300
# skip: [f831b62376489118cceb95a475232020a0619b73] Merge staging-next into staging
git bisect skip f831b62376489118cceb95a475232020a0619b73
# skip: [81e0c947ecbf88e89f75bed560b07ae2fdc006a5] xnee: fix build w/glibc-2.34
git bisect skip 81e0c947ecbf88e89f75bed560b07ae2fdc006a5
# skip: [486f248ce46043cd4c76e60012c83a14f310784e] catch: fix build w/glibc-2.34
git bisect skip 486f248ce46043cd4c76e60012c83a14f310784e
# skip: [db949f020acda8460616f81ac85ed6fd130c1fe9] gmpxx: remove appendToName to have a consistent package name for repology
git bisect skip db949f020acda8460616f81ac85ed6fd130c1fe9
# skip: [0caf7e5f0c53b2a3c7320e376eda97e1b29baa68] qt514.qtwebengine: fix build w/glibc-2.34
git bisect skip 0caf7e5f0c53b2a3c7320e376eda97e1b29baa68
# skip: [1bcbec677a6925ce415841f3a50ffc48915e4363] cyrus_sasl: 2.1.27 -> 2.1.28
git bisect skip 1bcbec677a6925ce415841f3a50ffc48915e4363
# skip: [1470227ef41c4b101c77f3f1969d3978678215df] postfix: fix build w/glibc-2.34
git bisect skip 1470227ef41c4b101c77f3f1969d3978678215df
# good: [4fe96a6b168fbd2165ee4962503f487ac188695c] Test curses dependency
git bisect good 4fe96a6b168fbd2165ee4962503f487ac188695c
# bad: [01667337f1a397fab9ac234eac1f975d37d482f4] release-python.nix: add buildcatrust to tested set
git bisect bad 01667337f1a397fab9ac234eac1f975d37d482f4
